../Core/Src/main.c:88:5:main	1
../Core/Src/main.c:141:6:SystemClock_Config	4
../Core/Src/main.c:202:13:MX_DFSDM1_Init	2
../Core/Src/main.c:240:13:MX_I2C2_Init	4
../Core/Src/main.c:288:13:MX_QUADSPI_Init	2
../Core/Src/main.c:321:13:MX_SPI3_Init	2
../Core/Src/main.c:361:13:MX_TIM2_Init	8
../Core/Src/main.c:433:13:MX_USART1_UART_Init	2
../Core/Src/main.c:468:13:MX_USART3_UART_Init	2
../Core/Src/main.c:503:13:MX_USB_OTG_FS_PCD_Init	2
../Core/Src/main.c:538:13:MX_GPIO_Init	1
../Core/Src/main.c:719:6:HAL_GPIO_EXTI_Callback	3
../Core/Src/main.c:751:6:HAL_TIM_IC_CaptureCallback	6
../Core/Src/main.c:791:6:Error_Handler	1
